// Jest Snapshot v1, https://goo.gl/fbAQLP

exports[`placeholder makePlaceholderMessages 1`] = `
[
  {
    "partition": 0,
    "value": "{"what_is_that_message":"https://github.com/chrvadala/kafka-test-helper/blob/main/docs/architecture.md","kafka_test_helper":"yes","uuid":"test123"}",
  },
  {
    "partition": 1,
    "value": "{"what_is_that_message":"https://github.com/chrvadala/kafka-test-helper/blob/main/docs/architecture.md","kafka_test_helper":"yes","uuid":"test123"}",
  },
  {
    "partition": 2,
    "value": "{"what_is_that_message":"https://github.com/chrvadala/kafka-test-helper/blob/main/docs/architecture.md","kafka_test_helper":"yes","uuid":"test123"}",
  },
  {
    "partition": 3,
    "value": "{"what_is_that_message":"https://github.com/chrvadala/kafka-test-helper/blob/main/docs/architecture.md","kafka_test_helper":"yes","uuid":"test123"}",
  },
]
`;
